// Vitest Snapshot v1, https://vitest.dev/guide/snapshot.html

exports[`Baseline mode > DPS matches reference values 1`] = `
{
  "Archmage F/P / Meteor": 65060,
  "Archmage F/P / Paralyze": 118543,
  "Archmage I/L / Blizzard": 64428,
  "Archmage I/L / Chain Lightning": 108235,
  "Bishop / Angel Ray": 60145,
  "Bishop / Genesis": 50372,
  "Bowmaster / Arrow Bomb": 89623,
  "Bowmaster / Hurricane": 344704,
  "Buccaneer / Barrage + Demolition": 341845,
  "Buccaneer / Snatch + Dragon Strike": 179658,
  "Corsair / Battleship Cannon": 487456,
  "Corsair / Battleship Cannon + Rapid Fire": 457126,
  "Corsair / Rapid Fire": 335810,
  "Dark Knight / Spear Crusher": 322323,
  "Hero (Axe) / Brandish": 298357,
  "Hero (ST) / Brandish (Sword)": 327942,
  "Hero / Brandish (Sword)": 331476,
  "Marksman / Snipe + Strafe": 325861,
  "Marksman / Strafe (MM)": 341365,
  "Night Lord / Triple Throw": 425608,
  "Paladin (BW) / Blast (Holy, BW)": 223066,
  "Paladin / Blast (Holy, Sword)": 258004,
  "Shadower / Boomerang Step + Assassinate": 313562,
}
`;
